Info: Starting: Create simulation model
Info: qsys-generate "C:\Users\franc\Desktop\Treinamento_Online_Macnica_DHW_-_2021_Fevereiro\material\projetos a atualizar\solutions\projeto-08\issp.qsys" --simulation=VERILOG --allow-mixed-language-simulation --output-directory="C:\Users\franc\Desktop\Treinamento_Online_Macnica_DHW_-_2021_Fevereiro\material\projetos a atualizar\solutions\projeto-08\issp\simulation" --family="MAX 10" --part=10M50DAF484C7G
Progress: Loading projeto-08/issp.qsys
Progress: Reading input file
Progress: Adding in_system_sources_probes_0 [altera_in_system_sources_probes 20.1]
Progress: Parameterizing module in_system_sources_probes_0
Progress: Building connections
Progress: Parameterizing connections
Progress: Validating
Progress: Done reading input file
Info: issp: Generating issp "issp" for SIM_VERILOG
Info: in_system_sources_probes_0: "issp" instantiated altera_in_system_sources_probes "in_system_sources_probes_0"
Info: issp: Done "issp" with 2 modules, 2 files
Info: qsys-generate succeeded.
Info: Finished: Create simulation model
Info: Starting: Create Modelsim Project.
Info: sim-script-gen --spd="C:\Users\franc\Desktop\Treinamento_Online_Macnica_DHW_-_2021_Fevereiro\material\projetos a atualizar\solutions\projeto-08\issp\issp.spd" --output-directory="C:/Users/franc/Desktop/Treinamento_Online_Macnica_DHW_-_2021_Fevereiro/material/projetos a atualizar/solutions/projeto-08/issp/simulation/" --use-relative-paths=true
Info: Doing: ip-make-simscript --spd=C:\Users\franc\Desktop\Treinamento_Online_Macnica_DHW_-_2021_Fevereiro\material\projetos a atualizar\solutions\projeto-08\issp\issp.spd --output-directory=C:/Users/franc/Desktop/Treinamento_Online_Macnica_DHW_-_2021_Fevereiro/material/projetos a atualizar/solutions/projeto-08/issp/simulation/ --use-relative-paths=true
Info: Generating the following file(s) for MODELSIM simulator in C:/Users/franc/Desktop/Treinamento_Online_Macnica_DHW_-_2021_Fevereiro/material/projetos a atualizar/solutions/projeto-08/issp/simulation/ directory:
Info: 	mentor/msim_setup.tcl
Info: Generating the following file(s) for VCS simulator in C:/Users/franc/Desktop/Treinamento_Online_Macnica_DHW_-_2021_Fevereiro/material/projetos a atualizar/solutions/projeto-08/issp/simulation/ directory:
Info: 	synopsys/vcs/vcs_setup.sh
Info: Generating the following file(s) for VCSMX simulator in C:/Users/franc/Desktop/Treinamento_Online_Macnica_DHW_-_2021_Fevereiro/material/projetos a atualizar/solutions/projeto-08/issp/simulation/ directory:
Info: 	synopsys/vcsmx/synopsys_sim.setup
Info: 	synopsys/vcsmx/vcsmx_setup.sh
Info: Generating the following file(s) for NCSIM simulator in C:/Users/franc/Desktop/Treinamento_Online_Macnica_DHW_-_2021_Fevereiro/material/projetos a atualizar/solutions/projeto-08/issp/simulation/ directory:
Info: 	cadence/cds.lib
Info: 	cadence/hdl.var
Info: 	cadence/ncsim_setup.sh
Info: 	1 .cds.lib files in cadence/cds_libs/ directory
Info: Generating the following file(s) for RIVIERA simulator in C:/Users/franc/Desktop/Treinamento_Online_Macnica_DHW_-_2021_Fevereiro/material/projetos a atualizar/solutions/projeto-08/issp/simulation/ directory:
Info: 	aldec/rivierapro_setup.tcl
Info: For information on how to simulate your IP, see the explanatory comments in the simulator-specific subdirectories under C:/Users/franc/Desktop/Treinamento_Online_Macnica_DHW_-_2021_Fevereiro/material/projetos a atualizar/solutions/projeto-08/issp/simulation/.
Info: Regenerate these scripts whenever you make any change to any Quartus-generated IP in your project.
Info: Finished: Create Modelsim Project.
Info: Starting: Create block symbol file (.bsf)
Info: qsys-generate "C:\Users\franc\Desktop\Treinamento_Online_Macnica_DHW_-_2021_Fevereiro\material\projetos a atualizar\solutions\projeto-08\issp.qsys" --block-symbol-file --output-directory="C:\Users\franc\Desktop\Treinamento_Online_Macnica_DHW_-_2021_Fevereiro\material\projetos a atualizar\solutions\projeto-08\issp" --family="MAX 10" --part=10M50DAF484C7G
Progress: Loading projeto-08/issp.qsys
Progress: Reading input file
Progress: Adding in_system_sources_probes_0 [altera_in_system_sources_probes 20.1]
Progress: Parameterizing module in_system_sources_probes_0
Progress: Building connections
Progress: Parameterizing connections
Progress: Validating
Progress: Done reading input file
Info: qsys-generate succeeded.
Info: Finished: Create block symbol file (.bsf)
Info: 
Info: Starting: Create HDL design files for synthesis
Info: qsys-generate "C:\Users\franc\Desktop\Treinamento_Online_Macnica_DHW_-_2021_Fevereiro\material\projetos a atualizar\solutions\projeto-08\issp.qsys" --synthesis=VERILOG --output-directory="C:\Users\franc\Desktop\Treinamento_Online_Macnica_DHW_-_2021_Fevereiro\material\projetos a atualizar\solutions\projeto-08\issp\synthesis" --family="MAX 10" --part=10M50DAF484C7G
Progress: Loading projeto-08/issp.qsys
Progress: Reading input file
Progress: Adding in_system_sources_probes_0 [altera_in_system_sources_probes 20.1]
Progress: Parameterizing module in_system_sources_probes_0
Progress: Building connections
Progress: Parameterizing connections
Progress: Validating
Progress: Done reading input file
Info: issp: Generating issp "issp" for QUARTUS_SYNTH
Info: in_system_sources_probes_0: "issp" instantiated altera_in_system_sources_probes "in_system_sources_probes_0"
Info: issp: Done "issp" with 2 modules, 2 files
Info: qsys-generate succeeded.
Info: Finished: Create HDL design files for synthesis
