Info: Starting: Create block symbol file (.bsf)
Info: qsys-generate /home/data/valter/altera_trn/projetos/solutions/projeto-08/issp.qsys --block-symbol-file --output-directory=/home/data/valter/altera_trn/projetos/solutions/projeto-08/issp --family="MAX 10" --part=10M50DAF484C7G
Progress: Loading projeto-08/issp.qsys
Progress: Reading input file
Progress: Adding in_system_sources_probes_0 [altera_in_system_sources_probes 16.0]
Progress: Parameterizing module in_system_sources_probes_0
Progress: Building connections
Progress: Parameterizing connections
Progress: Validating
Progress: Done reading input file
Info: qsys-generate succeeded.
Info: Finished: Create block symbol file (.bsf)
Info: 
Info: Starting: Create HDL design files for synthesis
Info: qsys-generate /home/data/valter/altera_trn/projetos/solutions/projeto-08/issp.qsys --synthesis=VERILOG --output-directory=/home/data/valter/altera_trn/projetos/solutions/projeto-08/issp/synthesis --family="MAX 10" --part=10M50DAF484C7G
Progress: Loading projeto-08/issp.qsys
Progress: Reading input file
Progress: Adding in_system_sources_probes_0 [altera_in_system_sources_probes 16.0]
Progress: Parameterizing module in_system_sources_probes_0
Progress: Building connections
Progress: Parameterizing connections
Progress: Validating
Progress: Done reading input file
Info: issp: Generating issp "issp" for QUARTUS_SYNTH
Info: in_system_sources_probes_0: "issp" instantiated altera_in_system_sources_probes "in_system_sources_probes_0"
Info: issp: Done "issp" with 2 modules, 2 files
Info: qsys-generate succeeded.
Info: Finished: Create HDL design files for synthesis
